=== item 0: Some("target") ===
ascription: Some(
    Value(
        Thunk(
            Omega,
            Arrow(
                Atom(
                    "Integer",
                ),
                F(
                    Atom(
                        "Integer",
                    ),
                ),
            ),
        ),
    ),
)
term: Value(
    Thunk(
        Omega,
        Abs(
            "x",
            None,
            Bind(
                App(
                    App(
                        Force(
                            Var(
                                "add",
                            ),
                        ),
                        Var(
                            "x",
                        ),
                    ),
                    Int(
                        1,
                    ),
                ),
                "%tmp0",
                Ret(
                    Var(
                        "%tmp0",
                    ),
                ),
            ),
        ),
    ),
)
=== item 1: Some("helper") ===
ascription: Some(
    Value(
        Thunk(
            Omega,
            Arrow(
                Atom(
                    "Integer",
                ),
                F(
                    Atom(
                        "Integer",
                    ),
                ),
            ),
        ),
    ),
)
term: Value(
    Thunk(
        Omega,
        Abs(
            "y",
            None,
            Bind(
                App(
                    App(
                        Force(
                            Var(
                                "mul",
                            ),
                        ),
                        Var(
                            "y",
                        ),
                    ),
                    Var(
                        "y",
                    ),
                ),
                "%tmp1",
                Ret(
                    Var(
                        "%tmp1",
                    ),
                ),
            ),
        ),
    ),
)
=== origin ===
[0] => 0..53 #6701ef8026e27a75 [DefFunctionSugar]
[0, 0] => 0..53 #6701ef8026e27a75 [DefFunctionSugar]
[0, 0, 0] => 40..51 #909d7521594dfb17 [BindHoist]
[0, 0, 0, 0] => 45..50 #f3b48a773497bc74 [OperatorElab]
[0, 0, 0, 0, 0] => 45..50 #f3b48a773497bc74 [OperatorElab]
[0, 0, 0, 0, 0, 0] => 47..48 #769a1286ab6d3475 [OperatorElab]
[0, 0, 0, 0, 0, 0, 0] => 47..48 #769a1286ab6d3475 [OperatorElab]
[0, 0, 0, 0, 0, 1] => 45..46 #09e5d8648453818a
[0, 0, 0, 0, 1] => 49..50 #3c76be512b3f03b9
[0, 0, 0, 1] => 40..51 #909d7521594dfb17
[0, 0, 0, 1, 0] => 44..51 #112cd2e3bd7fb9ca [BindHoist]
[1] => 54..107 #2392eb7d547d4a66 [DefFunctionSugar]
[1, 0] => 54..107 #2392eb7d547d4a66 [DefFunctionSugar]
[1, 0, 0] => 94..105 #e8494fbbf347fd5b [BindHoist]
[1, 0, 0, 0] => 99..104 #cdc53f6804e76fca [OperatorElab]
[1, 0, 0, 0, 0] => 99..104 #cdc53f6804e76fca [OperatorElab]
[1, 0, 0, 0, 0, 0] => 101..102 #429dd0a6f4202fcc [OperatorElab]
[1, 0, 0, 0, 0, 0, 0] => 101..102 #429dd0a6f4202fcc [OperatorElab]
[1, 0, 0, 0, 0, 1] => 99..100 #09e5d9648453833d
[1, 0, 0, 0, 1] => 103..104 #09e5d9648453833d
[1, 0, 0, 1] => 94..105 #e8494fbbf347fd5b
[1, 0, 0, 1, 0] => 98..105 #e0ab1dbc6a0849e6 [BindHoist]
