=== item 0: Some("target") ===
ascription: Some(
    Value(
        Thunk(
            Omega,
            Arrow(
                Atom(
                    "Integer",
                ),
                F(
                    Atom(
                        "Integer",
                    ),
                ),
            ),
        ),
    ),
)
term: Value(
    Thunk(
        Omega,
        Abs(
            "x",
            None,
            Bind(
                App(
                    App(
                        Force(
                            Var(
                                "add",
                            ),
                        ),
                        Var(
                            "x",
                        ),
                    ),
                    Int(
                        1,
                    ),
                ),
                "%tmp0",
                Ret(
                    Var(
                        "%tmp0",
                    ),
                ),
            ),
        ),
    ),
)
=== item 1: Some("helper") ===
ascription: Some(
    Value(
        Thunk(
            Omega,
            Arrow(
                Atom(
                    "Integer",
                ),
                F(
                    Atom(
                        "Integer",
                    ),
                ),
            ),
        ),
    ),
)
term: Value(
    Thunk(
        Omega,
        Abs(
            "y",
            None,
            Bind(
                App(
                    App(
                        Force(
                            Var(
                                "mul",
                            ),
                        ),
                        Var(
                            "y",
                        ),
                    ),
                    Var(
                        "y",
                    ),
                ),
                "%tmp1",
                Ret(
                    Var(
                        "%tmp1",
                    ),
                ),
            ),
        ),
    ),
)
=== origin ===
[0] => 0..53 #f53f6ea8c48c5a70 [DefFunctionSugar]
[0, 0] => 0..53 #f53f6ea8c48c5a70 [DefFunctionSugar]
[0, 0, 0] => 40..51 #da11df6a517e75eb [BindHoist]
[0, 0, 0, 0] => 45..50 #9f335d525c81e528 [OperatorElab]
[0, 0, 0, 0, 0] => 45..50 #9f335d525c81e528 [OperatorElab]
[0, 0, 0, 0, 0, 0] => 47..48 #30ce0798d4c35e0e [OperatorElab]
[0, 0, 0, 0, 0, 0, 0] => 47..48 #30ce0798d4c35e0e [OperatorElab]
[0, 0, 0, 0, 0, 1] => 45..46 #e0581eb617f188e6
[0, 0, 0, 0, 1] => 49..50 #133eb41d5b820055
[0, 0, 0, 1] => 40..51 #da11df6a517e75eb
[0, 0, 0, 1, 0] => 44..51 #ff1495abe8847dec [BindHoist]
[1] => 54..107 #5ef4a050a63be3b5 [DefFunctionSugar]
[1, 0] => 54..107 #5ef4a050a63be3b5 [DefFunctionSugar]
[1, 0, 0] => 94..105 #95501ca879979b73 [BindHoist]
[1, 0, 0, 0] => 99..104 #e11d8d40121d1e2c [OperatorElab]
[1, 0, 0, 0, 0] => 99..104 #e11d8d40121d1e2c [OperatorElab]
[1, 0, 0, 0, 0, 0] => 101..102 #fcfc97766bc8c9d3 [OperatorElab]
[1, 0, 0, 0, 0, 0, 0] => 101..102 #fcfc97766bc8c9d3 [OperatorElab]
[1, 0, 0, 0, 0, 1] => 99..100 #e0581fb617f18a99
[1, 0, 0, 0, 1] => 103..104 #e0581fb617f18a99
[1, 0, 0, 1] => 94..105 #95501ca879979b73
[1, 0, 0, 1, 0] => 98..105 #6d3b22177fcc8d7d [BindHoist]
