=== item 0: Some("target") ===
ascription: Some(
    Value(
        Thunk(
            Omega,
            Arrow(
                Atom(
                    "Integer",
                ),
                F(
                    Atom(
                        "Integer",
                    ),
                ),
            ),
        ),
    ),
)
term: Value(
    Thunk(
        Omega,
        Abs(
            "x",
            None,
            Bind(
                App(
                    App(
                        Force(
                            Var(
                                "add",
                            ),
                        ),
                        Var(
                            "x",
                        ),
                    ),
                    Int(
                        1,
                    ),
                ),
                "%tmp0",
                Ret(
                    Var(
                        "%tmp0",
                    ),
                ),
            ),
        ),
    ),
)
=== item 1: Some("helper") ===
ascription: Some(
    Value(
        Thunk(
            Omega,
            Arrow(
                Atom(
                    "Integer",
                ),
                F(
                    Atom(
                        "Integer",
                    ),
                ),
            ),
        ),
    ),
)
term: Value(
    Thunk(
        Omega,
        Abs(
            "y",
            None,
            Bind(
                App(
                    App(
                        Force(
                            Var(
                                "mul",
                            ),
                        ),
                        Var(
                            "y",
                        ),
                    ),
                    Var(
                        "y",
                    ),
                ),
                "%tmp1",
                Ret(
                    Var(
                        "%tmp1",
                    ),
                ),
            ),
        ),
    ),
)
=== origin ===
[0] => 0..53 #371ae4a3e2af6963 [DefFunctionSugar]
[0, 0] => 0..53 #371ae4a3e2af6963 [DefFunctionSugar]
[0, 0, 0] => 40..51 #e54c57b99b0e6fe0 [BindHoist]
[0, 0, 0, 0] => 45..50 #eb3e3203f62fd78e [OperatorElab]
[0, 0, 0, 0, 0] => 45..50 #eb3e3203f62fd78e [OperatorElab]
[0, 0, 0, 0, 0, 0] => 47..48 #bfa75adddd4d11b2 [OperatorElab]
[0, 0, 0, 0, 0, 0, 0] => 47..48 #bfa75adddd4d11b2 [OperatorElab]
[0, 0, 0, 0, 0, 1] => 45..46 #f85ff4204d1ad187
[0, 0, 0, 0, 1] => 49..50 #2b45f78790aa50e0
[0, 0, 0, 1] => 40..51 #e54c57b99b0e6fe0
[0, 0, 0, 1, 0] => 44..51 #e022d5c9a4b889a9 [BindHoist]
[1] => 54..107 #997845dcffb91cb7 [DefFunctionSugar]
[1, 0] => 54..107 #997845dcffb91cb7 [DefFunctionSugar]
[1, 0, 0] => 94..105 #8a252cbd9adab710 [BindHoist]
[1, 0, 0, 0] => 99..104 #23fe0054c46600cc [OperatorElab]
[1, 0, 0, 0, 0] => 99..104 #23fe0054c46600cc [OperatorElab]
[1, 0, 0, 0, 0, 0] => 101..102 #8bd60abb7452b3d7 [OperatorElab]
[1, 0, 0, 0, 0, 0, 0] => 101..102 #8bd60abb7452b3d7 [OperatorElab]
[1, 0, 0, 0, 0, 1] => 99..100 #f85ff3204d1acfd4
[1, 0, 0, 0, 1] => 103..104 #f85ff3204d1acfd4
[1, 0, 0, 1] => 94..105 #8a252cbd9adab710
[1, 0, 0, 1, 0] => 98..105 #c3e1c8361526dfd8 [BindHoist]
