=== item 0: Some("square") ===
ascription: Some(
    Value(
        Thunk(
            Omega,
            Arrow(
                Atom(
                    "Integer",
                ),
                F(
                    Atom(
                        "Integer",
                    ),
                ),
            ),
        ),
    ),
)
term: Value(
    Thunk(
        Omega,
        Abs(
            "x",
            None,
            Bind(
                App(
                    App(
                        Force(
                            Var(
                                "mul",
                            ),
                        ),
                        Var(
                            "x",
                        ),
                    ),
                    Var(
                        "x",
                    ),
                ),
                "%tmp0",
                Ret(
                    Var(
                        "%tmp0",
                    ),
                ),
            ),
        ),
    ),
)
=== item 1: None ===
ascription: None
term: Comp(
    Abs(
        "x",
        None,
        Case(
            Annot(
                Inj(
                    Fst,
                    Unit,
                ),
                Sum(
                    Unit,
                    Unit,
                ),
            ),
            (
                "_",
                Ret(
                    Var(
                        "x",
                    ),
                ),
            ),
            (
                "_",
                Ret(
                    Int(
                        0,
                    ),
                ),
            ),
        ),
    ),
)
=== origin ===
[0] => 0..53 #74cec201db901107 [DefFunctionSugar]
[0, 0] => 0..53 #74cec201db901107 [DefFunctionSugar]
[0, 0, 0] => 40..51 #539e43f5114279c5 [BindHoist]
[0, 0, 0, 0] => 45..50 #ebe73690486298a8 [OperatorElab]
[0, 0, 0, 0, 0] => 45..50 #ebe73690486298a8 [OperatorElab]
[0, 0, 0, 0, 0, 0] => 47..48 #505308439843a2df [OperatorElab]
[0, 0, 0, 0, 0, 0, 0] => 47..48 #505308439843a2df [OperatorElab]
[0, 0, 0, 0, 0, 1] => 45..46 #2da265e47cf42b60
[0, 0, 0, 0, 1] => 49..50 #2da265e47cf42b60
[0, 0, 0, 1] => 40..51 #539e43f5114279c5
[0, 0, 0, 1, 0] => 44..51 #1b0b6d7bb850cbe1 [BindHoist]
[1] => 55..99 #014f7b13fe4e255a
[1, 0] => 65..97 #68c604cabc50fd76 [IfSugar]
[1, 0, 0] => 68..72 #e22b43c00fffaf6a [BoolLiteral]
[1, 0, 0, 0] => 68..72 #e22b43c00fffaf6a [BoolLiteral]
[1, 0, 0, 0, 0] => 68..72 #e22b43c00fffaf6a [BoolLiteral]
[1, 0, 1] => 75..80 #da235a4200657a58
[1, 0, 1, 0] => 79..80 #2da265e47cf42b60
[1, 0, 2] => 90..95 #d1772f1022835bd0
[1, 0, 2, 0] => 94..95 #60335ad123dfc70c
