=== item 0: Some("square") ===
ascription: Some(
    Value(
        Thunk(
            Omega,
            Arrow(
                Atom(
                    "Integer",
                ),
                F(
                    Atom(
                        "Integer",
                    ),
                ),
            ),
        ),
    ),
)
term: Value(
    Thunk(
        Omega,
        Abs(
            "x",
            None,
            Bind(
                App(
                    App(
                        Force(
                            Var(
                                "mul",
                            ),
                        ),
                        Var(
                            "x",
                        ),
                    ),
                    Var(
                        "x",
                    ),
                ),
                "%tmp0",
                Ret(
                    Var(
                        "%tmp0",
                    ),
                ),
            ),
        ),
    ),
)
=== item 1: None ===
ascription: None
term: Comp(
    Abs(
        "x",
        None,
        Case(
            Annot(
                Inj(
                    Fst,
                    Unit,
                ),
                Sum(
                    Unit,
                    Unit,
                ),
            ),
            (
                "_",
                Ret(
                    Var(
                        "x",
                    ),
                ),
            ),
            (
                "_",
                Ret(
                    Int(
                        0,
                    ),
                ),
            ),
        ),
    ),
)
=== origin ===
[0] => 0..53 #e6f2d98a65ccfb37 [DefFunctionSugar]
[0, 0] => 0..53 #e6f2d98a65ccfb37 [DefFunctionSugar]
[0, 0, 0] => 40..51 #bffee5ffcb4accc0 [BindHoist]
[0, 0, 0, 0] => 45..50 #3d03efcfdb0ee34a [OperatorElab]
[0, 0, 0, 0, 0] => 45..50 #3d03efcfdb0ee34a [OperatorElab]
[0, 0, 0, 0, 0, 0] => 47..48 #429dd0a6f4202fcc [OperatorElab]
[0, 0, 0, 0, 0, 0, 0] => 47..48 #429dd0a6f4202fcc [OperatorElab]
[0, 0, 0, 0, 0, 1] => 45..46 #09e5d8648453818a
[0, 0, 0, 0, 1] => 49..50 #09e5d8648453818a
[0, 0, 0, 1] => 40..51 #bffee5ffcb4accc0
[0, 0, 0, 1, 0] => 44..51 #837ba1269f7c571f [BindHoist]
[1] => 55..99 #a89c903a22477f1f
[1, 0] => 65..97 #0b6d0edd814173ca [IfSugar]
[1, 0, 0] => 68..72 #1ed6508f8b3f55a8 [BoolLiteral]
[1, 0, 0, 0] => 68..72 #1ed6508f8b3f55a8 [BoolLiteral]
[1, 0, 0, 0, 0] => 68..72 #1ed6508f8b3f55a8 [BoolLiteral]
[1, 0, 1] => 75..80 #fa318db6a331a6a8
[1, 0, 1, 0] => 79..80 #09e5d8648453818a
[1, 0, 2] => 90..95 #e92f174e3292f83e
[1, 0, 2, 0] => 94..95 #3c76bd512b3f0206
