=== item 0: Some("target") ===
ascription: Some(
    Value(
        Thunk(
            Omega,
            Arrow(
                Atom(
                    "Integer",
                ),
                F(
                    Atom(
                        "Integer",
                    ),
                ),
            ),
        ),
    ),
)
term: Value(
    Thunk(
        Omega,
        Abs(
            "x",
            None,
            Ret(
                Var(
                    "x",
                ),
            ),
        ),
    ),
)
=== item 1: Some("target") ===
ascription: Some(
    Value(
        Thunk(
            Omega,
            Arrow(
                Atom(
                    "Integer",
                ),
                F(
                    Atom(
                        "Integer",
                    ),
                ),
            ),
        ),
    ),
)
term: Value(
    Thunk(
        Omega,
        Abs(
            "x",
            None,
            Bind(
                App(
                    App(
                        Force(
                            Var(
                                "add",
                            ),
                        ),
                        Var(
                            "x",
                        ),
                    ),
                    Int(
                        1,
                    ),
                ),
                "%tmp0",
                Ret(
                    Var(
                        "%tmp0",
                    ),
                ),
            ),
        ),
    ),
)
=== origin ===
[0] => 0..47 #d834a853f7dc82a5 [DefFunctionSugar]
[0, 0] => 0..47 #d834a853f7dc82a5 [DefFunctionSugar]
[0, 0, 0] => 40..45 #da235a4200657a58
[0, 0, 0, 0] => 44..45 #2da265e47cf42b60
[1] => 48..101 #354a830752a104ed [DefFunctionSugar]
[1, 0] => 48..101 #354a830752a104ed [DefFunctionSugar]
[1, 0, 0] => 88..99 #343e1cf5b488d8a1 [BindHoist]
[1, 0, 0, 0] => 93..98 #fde3dc0eacefbdc2 [OperatorElab]
[1, 0, 0, 0, 0] => 93..98 #fde3dc0eacefbdc2 [OperatorElab]
[1, 0, 0, 0, 0, 0] => 95..96 #e99b81b9ebb96f02 [OperatorElab]
[1, 0, 0, 0, 0, 0, 0] => 95..96 #e99b81b9ebb96f02 [OperatorElab]
[1, 0, 0, 0, 0, 1] => 93..94 #2da265e47cf42b60
[1, 0, 0, 0, 1] => 97..98 #60335bd123dfc8bf
[1, 0, 0, 1] => 88..99 #343e1cf5b488d8a1
[1, 0, 0, 1, 0] => 92..99 #7f4754b17a511be3 [BindHoist]
