=== item 0: Some("target") ===
ascription: Some(
    Value(
        Thunk(
            Omega,
            Arrow(
                Atom(
                    "Integer",
                ),
                F(
                    Atom(
                        "Integer",
                    ),
                ),
            ),
        ),
    ),
)
term: Value(
    Thunk(
        Omega,
        Abs(
            "x",
            None,
            Ret(
                Var(
                    "x",
                ),
            ),
        ),
    ),
)
=== item 1: Some("target") ===
ascription: Some(
    Value(
        Thunk(
            Omega,
            Arrow(
                Atom(
                    "Integer",
                ),
                F(
                    Atom(
                        "Integer",
                    ),
                ),
            ),
        ),
    ),
)
term: Value(
    Thunk(
        Omega,
        Abs(
            "x",
            None,
            Bind(
                App(
                    App(
                        Force(
                            Var(
                                "add",
                            ),
                        ),
                        Var(
                            "x",
                        ),
                    ),
                    Int(
                        1,
                    ),
                ),
                "%tmp0",
                Ret(
                    Var(
                        "%tmp0",
                    ),
                ),
            ),
        ),
    ),
)
=== origin ===
[0] => 0..47 #bc46581da60bb08a [DefFunctionSugar]
[0, 0] => 0..47 #bc46581da60bb08a [DefFunctionSugar]
[0, 0, 0] => 40..45 #4c81cede55a17473
[0, 0, 0, 0] => 44..45 #9a509857ed8ff4a1
[1] => 48..101 #0538f2a5522e4ed6 [DefFunctionSugar]
[1, 0] => 48..101 #0538f2a5522e4ed6 [DefFunctionSugar]
[1, 0, 0] => 88..99 #9acc26d96e95948a [BindHoist]
[1, 0, 0, 0] => 93..98 #c417593414c41929 [OperatorElab]
[1, 0, 0, 0, 0] => 93..98 #c417593414c41929 [OperatorElab]
[1, 0, 0, 0, 0, 0] => 95..96 #076b2da7b6b3eda2 [OperatorElab]
[1, 0, 0, 0, 0, 0, 0] => 95..96 #076b2da7b6b3eda2 [OperatorElab]
[1, 0, 0, 0, 0, 1] => 93..94 #9a509857ed8ff4a1
[1, 0, 0, 0, 1] => 97..98 #cce11c44947ad04a
[1, 0, 0, 1] => 88..99 #9acc26d96e95948a
[1, 0, 0, 1, 0] => 92..99 #efee2912597f2c3f [BindHoist]
