=== item 0: Some("target") ===
ascription: Some(
    Value(
        Thunk(
            Omega,
            Arrow(
                Atom(
                    "Integer",
                ),
                F(
                    Atom(
                        "Integer",
                    ),
                ),
            ),
        ),
    ),
)
term: Value(
    Thunk(
        Omega,
        Abs(
            "x",
            None,
            Ret(
                Var(
                    "x",
                ),
            ),
        ),
    ),
)
=== item 1: Some("target") ===
ascription: Some(
    Value(
        Thunk(
            Omega,
            Arrow(
                Atom(
                    "Integer",
                ),
                F(
                    Atom(
                        "Integer",
                    ),
                ),
            ),
        ),
    ),
)
term: Value(
    Thunk(
        Omega,
        Abs(
            "x",
            None,
            Bind(
                App(
                    App(
                        Force(
                            Var(
                                "add",
                            ),
                        ),
                        Var(
                            "x",
                        ),
                    ),
                    Int(
                        1,
                    ),
                ),
                "%tmp0",
                Ret(
                    Var(
                        "%tmp0",
                    ),
                ),
            ),
        ),
    ),
)
=== origin ===
[0] => 0..47 #87be01570b99a37e [DefFunctionSugar]
[0, 0] => 0..47 #87be01570b99a37e [DefFunctionSugar]
[0, 0, 0] => 40..45 #b5dc49415ce7a2b3
[0, 0, 0, 0] => 44..45 #e0581eb617f188e6
[1] => 48..101 #f53f6ea8c48c5a70 [DefFunctionSugar]
[1, 0] => 48..101 #f53f6ea8c48c5a70 [DefFunctionSugar]
[1, 0, 0] => 88..99 #da11df6a517e75eb [BindHoist]
[1, 0, 0, 0] => 93..98 #9f335d525c81e528 [OperatorElab]
[1, 0, 0, 0, 0] => 93..98 #9f335d525c81e528 [OperatorElab]
[1, 0, 0, 0, 0, 0] => 95..96 #30ce0798d4c35e0e [OperatorElab]
[1, 0, 0, 0, 0, 0, 0] => 95..96 #30ce0798d4c35e0e [OperatorElab]
[1, 0, 0, 0, 0, 1] => 93..94 #e0581eb617f188e6
[1, 0, 0, 0, 1] => 97..98 #133eb41d5b820055
[1, 0, 0, 1] => 88..99 #da11df6a517e75eb
[1, 0, 0, 1, 0] => 92..99 #ff1495abe8847dec [BindHoist]
