=== item 0: Some("wrap") ===
ascription: Some(
    Value(
        Thunk(
            Omega,
            Arrow(
                Atom(
                    "Integer",
                ),
                F(
                    Atom(
                        "Integer",
                    ),
                ),
            ),
        ),
    ),
)
term: Value(
    Thunk(
        Omega,
        Abs(
            "x",
            None,
            Bind(
                App(
                    Force(
                        Var(
                            "print",
                        ),
                    ),
                    Var(
                        "x",
                    ),
                ),
                "_",
                Ret(
                    Var(
                        "x",
                    ),
                ),
            ),
        ),
    ),
)
=== origin ===
[0] => 0..57 #16fa9635f020e5cd [DefFunctionSugar]
[0, 0] => 0..57 #16fa9635f020e5cd [DefFunctionSugar]
[0, 0, 0] => 38..57 #518bf65e2ad05563 [SeqDiscard]
[0, 0, 0, 0] => 38..46 #518bf65e2ad05563
[0, 0, 0, 0, 0] => 38..43 #9559675a3c30b459 [ForceSugar]
[0, 0, 0, 0, 0, 0] => 38..43 #9559675a3c30b459
[0, 0, 0, 0, 1] => 44..45 #da8630daebb465e2
[0, 0, 0, 1] => 50..55 #dd0e141614c84e69
[0, 0, 0, 1, 0] => 54..55 #da8630daebb465e2
