=== item 0: Some("wrap") ===
ascription: Some(
    Value(
        Thunk(
            Omega,
            Arrow(
                Atom(
                    "Integer",
                ),
                F(
                    Atom(
                        "Integer",
                    ),
                ),
            ),
        ),
    ),
)
term: Value(
    Thunk(
        Omega,
        Abs(
            "x",
            None,
            Bind(
                App(
                    Force(
                        Var(
                            "print",
                        ),
                    ),
                    Var(
                        "x",
                    ),
                ),
                "_",
                Ret(
                    Var(
                        "x",
                    ),
                ),
            ),
        ),
    ),
)
=== origin ===
[0] => 0..57 #4e9e36268d0cb55c [DefFunctionSugar]
[0, 0] => 0..57 #4e9e36268d0cb55c [DefFunctionSugar]
[0, 0, 0] => 38..57 #7b8be007b0c5f4bd [SeqDiscard]
[0, 0, 0, 0] => 38..46 #7b8be007b0c5f4bd
[0, 0, 0, 0, 0] => 38..43 #13890b0a383b2ecf [ForceSugar]
[0, 0, 0, 0, 0, 0] => 38..43 #13890b0a383b2ecf
[0, 0, 0, 0, 1] => 44..45 #2da265e47cf42b60
[0, 0, 0, 1] => 50..55 #da235a4200657a58
[0, 0, 0, 1, 0] => 54..55 #2da265e47cf42b60
