=== item 0: Some("wrap") ===
ascription: Some(
    Value(
        Thunk(
            Omega,
            Arrow(
                Atom(
                    "Integer",
                ),
                F(
                    Atom(
                        "Integer",
                    ),
                ),
            ),
        ),
    ),
)
term: Value(
    Thunk(
        Omega,
        Abs(
            "x",
            None,
            Bind(
                App(
                    Force(
                        Var(
                            "print",
                        ),
                    ),
                    Var(
                        "x",
                    ),
                ),
                "_",
                Ret(
                    Var(
                        "x",
                    ),
                ),
            ),
        ),
    ),
)
=== origin ===
[0] => 0..57 #10a7b26b4a1a25e2 [DefFunctionSugar]
[0, 0] => 0..57 #10a7b26b4a1a25e2 [DefFunctionSugar]
[0, 0, 0] => 38..55 #62344aa8fbd417d5 [SeqDiscard]
[0, 0, 0, 0] => 38..46 #62344aa8fbd417d5
[0, 0, 0, 0, 0] => 38..43 #f2b4c91416f502e8 [ForceSugar]
[0, 0, 0, 0, 0, 0] => 38..43 #f2b4c91416f502e8
[0, 0, 0, 0, 1] => 44..45 #f85ff4204d1ad187
[0, 0, 0, 1] => 50..55 #4ac6d48242b67108
[0, 0, 0, 1, 0] => 54..55 #f85ff4204d1ad187
