{
  "schema_version": 5,
  "diagnostics": [
    {
      "kind": "GradeError",
      "data": {
        "lower": "Omega",
        "upper": "Fin(1)"
      },
      "item": 0,
      "code": "E0005",
      "severity": "error",
      "message": {
        "message_template": "GradeOrder",
        "message_arguments": {
          "lower": "Omega",
          "upper": "Fin(1)"
        }
      },
      "annotations": [
        {
          "kind": "primary",
          "span": {
            "start": 41,
            "end": 42
          },
          "label": "required Omega ≤ Fin(1)"
        }
      ],
      "expr": "Thunk(Fin(1), Ret(Int(1)))",
      "contexts": [],
      "ctx": []
    }
  ],
  "goals": [],
  "marks": [
    {
      "kind": "GradeBudget",
      "data": {
        "required": "Omega",
        "available": "Fin(1)"
      },
      "is_error": true,
      "item": 0,
      "span": {
        "start": 35,
        "end": 53
      },
      "analyzed": "Value(Thunk(Omega, F(Atom(\"Integer\"))))",
      "synthesized": "Value(Thunk(Omega, F(Atom(\"Integer\"))))"
    }
  ],
  "attributes": [],
  "obligations": []
}