=== item 0: Some("target") ===
ascription: Some(
    Value(
        Thunk(
            Omega,
            Arrow(
                Atom(
                    "Integer",
                ),
                F(
                    Atom(
                        "Integer",
                    ),
                ),
            ),
        ),
    ),
)
term: Value(
    Thunk(
        Omega,
        Abs(
            "x",
            None,
            Bind(
                App(
                    App(
                        Force(
                            Var(
                                "add",
                            ),
                        ),
                        Var(
                            "x",
                        ),
                    ),
                    Int(
                        1,
                    ),
                ),
                "%tmp0",
                Ret(
                    Var(
                        "%tmp0",
                    ),
                ),
            ),
        ),
    ),
)
=== item 1: None ===
ascription: None
term: Comp(
    App(
        Force(
            Var(
                "print",
            ),
        ),
        Var(
            "target",
        ),
    ),
)
=== origin ===
[0] => 0..53 #63af7b3b1db837ea [DefFunctionSugar]
[0, 0] => 0..53 #63af7b3b1db837ea [DefFunctionSugar]
[0, 0, 0] => 40..51 #2d7f2323dc25ecaa [BindHoist]
[0, 0, 0, 0] => 45..50 #0e6e09e0b8244ac5 [OperatorElab]
[0, 0, 0, 0, 0] => 45..50 #0e6e09e0b8244ac5 [OperatorElab]
[0, 0, 0, 0, 0, 0] => 47..48 #1694c88f01a30204 [OperatorElab]
[0, 0, 0, 0, 0, 0, 0] => 47..48 #1694c88f01a30204 [OperatorElab]
[0, 0, 0, 0, 0, 1] => 45..46 #da8630daebb465e2
[0, 0, 0, 0, 1] => 49..50 #0d17a6c792a0dcc1
[0, 0, 0, 1] => 40..51 #2d7f2323dc25ecaa
[0, 0, 0, 1, 0] => 44..51 #3d7997f79f84b8fc [BindHoist]
[1] => 54..67 #aec1274197c73010
[1, 0] => 54..59 #9559675a3c30b459 [ForceSugar]
[1, 0, 0] => 54..59 #9559675a3c30b459
[1, 1] => 60..66 #d2b8fc9d1fa62ebf
