=== item 0: Some("target") ===
ascription: Some(
    Value(
        Thunk(
            Omega,
            Arrow(
                Atom(
                    "Integer",
                ),
                F(
                    Atom(
                        "Integer",
                    ),
                ),
            ),
        ),
    ),
)
term: Value(
    Thunk(
        Omega,
        Abs(
            "x",
            None,
            Bind(
                App(
                    App(
                        Force(
                            Var(
                                "add",
                            ),
                        ),
                        Var(
                            "x",
                        ),
                    ),
                    Int(
                        2,
                    ),
                ),
                "%tmp0",
                Ret(
                    Var(
                        "%tmp0",
                    ),
                ),
            ),
        ),
    ),
)
=== item 1: None ===
ascription: None
term: Comp(
    App(
        Force(
            Var(
                "print",
            ),
        ),
        Var(
            "target",
        ),
    ),
)
=== origin ===
[0] => 0..53 #e30bba22845a785d [DefFunctionSugar]
[0, 0] => 0..53 #e30bba22845a785d [DefFunctionSugar]
[0, 0, 0] => 40..51 #228698ca7fc416af [BindHoist]
[0, 0, 0, 0] => 45..50 #d8940b64275266d0 [OperatorElab]
[0, 0, 0, 0, 0] => 45..50 #d8940b64275266d0 [OperatorElab]
[0, 0, 0, 0, 0, 0] => 47..48 #e99b81b9ebb96f02 [OperatorElab]
[0, 0, 0, 0, 0, 0, 0] => 47..48 #e99b81b9ebb96f02 [OperatorElab]
[0, 0, 0, 0, 0, 1] => 45..46 #2da265e47cf42b60
[0, 0, 0, 0, 1] => 49..50 #60335cd123dfca72
[0, 0, 0, 1] => 40..51 #228698ca7fc416af
[0, 0, 0, 1, 0] => 44..51 #3148607ccab2f80b [BindHoist]
[1] => 54..67 #3053240320a8a4d6
[1, 0] => 54..59 #13890b0a383b2ecf [ForceSugar]
[1, 0, 0] => 54..59 #13890b0a383b2ecf
[1, 1] => 60..66 #f77f8cfbda4de9e1
