=== item 0: Some("target") ===
ascription: Some(
    Value(
        Thunk(
            Omega,
            Arrow(
                Atom(
                    "Integer",
                ),
                F(
                    Atom(
                        "Integer",
                    ),
                ),
            ),
        ),
    ),
)
term: Value(
    Thunk(
        Omega,
        Abs(
            "x",
            None,
            Bind(
                App(
                    App(
                        Force(
                            Var(
                                "add",
                            ),
                        ),
                        Var(
                            "x",
                        ),
                    ),
                    Int(
                        2,
                    ),
                ),
                "%tmp0",
                Ret(
                    Var(
                        "%tmp0",
                    ),
                ),
            ),
        ),
    ),
)
=== item 1: None ===
ascription: None
term: Comp(
    App(
        Force(
            Var(
                "print",
            ),
        ),
        Var(
            "target",
        ),
    ),
)
=== origin ===
[0] => 0..53 #d66ae1cd72c13ead [DefFunctionSugar]
[0, 0] => 0..53 #d66ae1cd72c13ead [DefFunctionSugar]
[0, 0, 0] => 40..51 #dd3fbe895cd5b710 [BindHoist]
[0, 0, 0, 0] => 45..50 #c504c6f014b8654c [OperatorElab]
[0, 0, 0, 0, 0] => 45..50 #c504c6f014b8654c [OperatorElab]
[0, 0, 0, 0, 0, 0] => 47..48 #769a1286ab6d3475 [OperatorElab]
[0, 0, 0, 0, 0, 0, 0] => 47..48 #769a1286ab6d3475 [OperatorElab]
[0, 0, 0, 0, 0, 1] => 45..46 #09e5d8648453818a
[0, 0, 0, 0, 1] => 49..50 #3c76bb512b3efea0
[0, 0, 0, 1] => 40..51 #dd3fbe895cd5b710
[0, 0, 0, 1, 0] => 44..51 #3fe4587e1c2d9f9f [BindHoist]
[1] => 54..67 #9a077cd3f0f7b0ed
[1, 0] => 54..59 #54d63f3227969831 [ForceSugar]
[1, 0, 0] => 54..59 #54d63f3227969831
[1, 1] => 60..66 #7a72690a4514be27
