=== item 0: Some("target") ===
ascription: Some(
    Value(
        Thunk(
            Omega,
            Arrow(
                Atom(
                    "Integer",
                ),
                F(
                    Atom(
                        "Integer",
                    ),
                ),
            ),
        ),
    ),
)
term: Value(
    Thunk(
        Omega,
        Abs(
            "x",
            None,
            Bind(
                App(
                    App(
                        Force(
                            Var(
                                "add",
                            ),
                        ),
                        Var(
                            "x",
                        ),
                    ),
                    Int(
                        1,
                    ),
                ),
                "%tmp0",
                Ret(
                    Var(
                        "%tmp0",
                    ),
                ),
            ),
        ),
    ),
)
=== item 1: None ===
ascription: None
term: Comp(
    App(
        Force(
            Var(
                "print",
            ),
        ),
        Var(
            "target",
        ),
    ),
)
=== origin ===
[0] => 0..53 #8fad6bfc29e39608 [DefFunctionSugar]
[0, 0] => 0..53 #8fad6bfc29e39608 [DefFunctionSugar]
[0, 0, 0] => 40..51 #3ec52f812f37bfec [BindHoist]
[0, 0, 0, 0] => 45..50 #459a76071a9c2974 [OperatorElab]
[0, 0, 0, 0, 0] => 45..50 #459a76071a9c2974 [OperatorElab]
[0, 0, 0, 0, 0, 0] => 47..48 #6273bfca56443668 [OperatorElab]
[0, 0, 0, 0, 0, 0, 0] => 47..48 #6273bfca56443668 [OperatorElab]
[0, 0, 0, 0, 0, 1] => 45..46 #69b0d09892e27b0b
[0, 0, 0, 0, 1] => 49..50 #9c41d48539ce3034
[0, 0, 0, 1] => 40..51 #3ec52f812f37bfec
[0, 0, 0, 1, 0] => 44..51 #4666605f49e6de4d [BindHoist]
[1] => 54..67 #0ff172163d157f11
[1, 0] => 54..59 #940694d11f9c6f1c [ForceSugar]
[1, 0, 0] => 54..59 #940694d11f9c6f1c
[1, 1] => 60..66 #057c5f669e133f24
