=== item 0: Some("target") ===
ascription: Some(
    Value(
        Thunk(
            Omega,
            Arrow(
                Atom(
                    "Integer",
                ),
                F(
                    Atom(
                        "Integer",
                    ),
                ),
            ),
        ),
    ),
)
term: Value(
    Thunk(
        Omega,
        Abs(
            "x",
            None,
            Bind(
                App(
                    App(
                        Force(
                            Var(
                                "add",
                            ),
                        ),
                        Var(
                            "x",
                        ),
                    ),
                    Int(
                        1,
                    ),
                ),
                "%tmp0",
                Ret(
                    Var(
                        "%tmp0",
                    ),
                ),
            ),
        ),
    ),
)
=== item 1: None ===
ascription: None
term: Comp(
    App(
        Force(
            Var(
                "print",
            ),
        ),
        Var(
            "target",
        ),
    ),
)
=== origin ===
[0] => 0..53 #0538f2a5522e4ed6 [DefFunctionSugar]
[0, 0] => 0..53 #0538f2a5522e4ed6 [DefFunctionSugar]
[0, 0, 0] => 40..51 #9acc26d96e95948a [BindHoist]
[0, 0, 0, 0] => 45..50 #c417593414c41929 [OperatorElab]
[0, 0, 0, 0, 0] => 45..50 #c417593414c41929 [OperatorElab]
[0, 0, 0, 0, 0, 0] => 47..48 #076b2da7b6b3eda2 [OperatorElab]
[0, 0, 0, 0, 0, 0, 0] => 47..48 #076b2da7b6b3eda2 [OperatorElab]
[0, 0, 0, 0, 0, 1] => 45..46 #9a509857ed8ff4a1
[0, 0, 0, 0, 1] => 49..50 #cce11c44947ad04a
[0, 0, 0, 1] => 40..51 #9acc26d96e95948a
[0, 0, 0, 1, 0] => 44..51 #efee2912597f2c3f [BindHoist]
[1] => 54..67 #30e18cf814c2a6fc
[1, 0] => 54..59 #095f5fab74a5dea2 [ForceSugar]
[1, 0, 0] => 54..59 #095f5fab74a5dea2
[1, 1] => 60..66 #ca15ade2e345c9e6
