=== item 0: Some("target") ===
ascription: Some(
    Value(
        Thunk(
            Omega,
            Arrow(
                Atom(
                    "Integer",
                ),
                F(
                    Atom(
                        "Integer",
                    ),
                ),
            ),
        ),
    ),
)
term: Value(
    Thunk(
        Omega,
        Abs(
            "x",
            None,
            Bind(
                App(
                    App(
                        Force(
                            Var(
                                "add",
                            ),
                        ),
                        Var(
                            "x",
                        ),
                    ),
                    Int(
                        2,
                    ),
                ),
                "%tmp0",
                Ret(
                    Var(
                        "%tmp0",
                    ),
                ),
            ),
        ),
    ),
)
=== item 1: None ===
ascription: None
term: Comp(
    App(
        Force(
            Var(
                "print",
            ),
        ),
        Var(
            "target",
        ),
    ),
)
=== origin ===
[0] => 0..53 #ed6e5588dd474c60 [DefFunctionSugar]
[0, 0] => 0..53 #ed6e5588dd474c60 [DefFunctionSugar]
[0, 0, 0] => 40..51 #2f59fb91e9a53def [BindHoist]
[0, 0, 0, 0] => 45..50 #111dabde7fdb2de3 [OperatorElab]
[0, 0, 0, 0, 0] => 45..50 #111dabde7fdb2de3 [OperatorElab]
[0, 0, 0, 0, 0, 0] => 47..48 #076b2da7b6b3eda2 [OperatorElab]
[0, 0, 0, 0, 0, 0, 0] => 47..48 #076b2da7b6b3eda2 [OperatorElab]
[0, 0, 0, 0, 0, 1] => 45..46 #9a509857ed8ff4a1
[0, 0, 0, 0, 1] => 49..50 #cce11b44947ace97
[0, 0, 0, 1] => 40..51 #2f59fb91e9a53def
[0, 0, 0, 1, 0] => 44..51 #1460b50ff93db4ea [BindHoist]
[1] => 54..67 #30e18cf814c2a6fc
[1, 0] => 54..59 #095f5fab74a5dea2 [ForceSugar]
[1, 0, 0] => 54..59 #095f5fab74a5dea2
[1, 1] => 60..66 #ca15ade2e345c9e6
