{
  "schema_version": 5,
  "diagnostics": [
    {
      "kind": "ShapeMismatch",
      "data": {
        "expected_shape": "a product type",
        "actual": "Integer"
      },
      "item": 0,
      "code": "E0002",
      "severity": "error",
      "message": {
        "message_template": "ShapeMismatch",
        "message_arguments": {
          "expected_shape": "a product type",
          "actual": "Integer"
        }
      },
      "annotations": [
        {
          "kind": "primary",
          "span": {
            "start": 55,
            "end": 56
          },
          "label": "expected a product type, found Integer"
        }
      ],
      "contexts": [
        {
          "role": "Thunk",
          "prose": "checking the body of a thunk",
          "annotations": [
            {
              "kind": "context",
              "span": {
                "start": 34,
                "end": 65
              }
            }
          ]
        },
        {
          "role": "Split",
          "prose": "checking the scrutinee of a split binding `(x, y)`",
          "annotations": [
            {
              "kind": "context",
              "span": {
                "start": 42,
                "end": 63
              }
            }
          ]
        }
      ],
      "ctx": []
    }
  ],
  "goals": [],
  "marks": [
    {
      "kind": "ShapeMismatch",
      "data": {
        "expected_shape": "a product type",
        "actual": "Value(Atom(\"Integer\"))"
      },
      "is_error": true,
      "item": 0,
      "span": {
        "start": 42,
        "end": 63
      },
      "analyzed": "Comp(F(Atom(\"Integer\")))",
      "synthesized": "Comp(F(Atom(\"Integer\")))"
    }
  ],
  "attributes": [],
  "obligations": []
}