{
  "schema_version": 5,
  "diagnostics": [
    {
      "kind": "ShapeMismatch",
      "data": {
        "expected_shape": "a thunk type",
        "actual": "Integer"
      },
      "item": 0,
      "code": "E0002",
      "severity": "error",
      "message": {
        "message_template": "ShapeMismatch",
        "message_arguments": {
          "expected_shape": "a thunk type",
          "actual": "Integer"
        }
      },
      "annotations": [
        {
          "kind": "primary",
          "span": {
            "start": 6,
            "end": 7
          },
          "label": "expected a thunk type, found Integer"
        }
      ],
      "contexts": [
        {
          "role": "Force",
          "prose": "checking the forced value",
          "annotations": [
            {
              "kind": "context",
              "span": {
                "start": 0,
                "end": 8
              }
            }
          ]
        }
      ],
      "ctx": []
    }
  ],
  "goals": [],
  "marks": [
    {
      "kind": "ShapeMismatch",
      "data": {
        "expected_shape": "a thunk type",
        "actual": "Value(Atom(\"Integer\"))"
      },
      "is_error": true,
      "item": 0,
      "span": {
        "start": 0,
        "end": 8
      },
      "synthesized": "Comp(Unknown)"
    }
  ],
  "attributes": [],
  "obligations": []
}