{
  "schema_version": 5,
  "diagnostics": [
    {
      "kind": "ShapeMismatch",
      "data": {
        "expected_shape": "a returner type",
        "actual": "Comp(Arrow(Atom(\"Integer\"), F(Atom(\"Integer\"))))"
      },
      "item": 0,
      "code": "E0002",
      "severity": "error",
      "message": {
        "message_template": "ShapeMismatch",
        "message_arguments": {
          "expected_shape": "a returner type",
          "actual": "Comp(Arrow(Atom(\"Integer\"), F(Atom(\"Integer\"))))"
        }
      },
      "annotations": [
        {
          "kind": "primary",
          "span": {
            "start": 17,
            "end": 41
          },
          "label": "expected a returner type, found Comp(Arrow(Atom(\"Integer\"), F(Atom(\"Integer\"))))"
        }
      ],
      "contexts": [
        {
          "role": "Thunk",
          "prose": "checking the body of a thunk",
          "annotations": [
            {
              "kind": "context",
              "span": {
                "start": 0,
                "end": 50
              }
            }
          ]
        },
        {
          "role": "Bind",
          "prose": "checking the bound computation of `run x <- …`",
          "binder": "x",
          "annotations": [
            {
              "kind": "context",
              "span": {
                "start": 8,
                "end": 48
              }
            }
          ]
        }
      ],
      "ctx": []
    }
  ],
  "goals": [],
  "marks": [
    {
      "kind": "ShapeMismatch",
      "data": {
        "expected_shape": "a returner type",
        "actual": "Comp(Arrow(Atom(\"Integer\"), F(Atom(\"Integer\"))))"
      },
      "is_error": true,
      "item": 0,
      "span": {
        "start": 8,
        "end": 48
      },
      "synthesized": "Comp(F(Unknown))"
    }
  ],
  "attributes": [],
  "obligations": []
}