=== item 0: Some("alpha") ===
ascription: Some(
    Value(
        Thunk(
            Omega,
            Arrow(
                Atom(
                    "Integer",
                ),
                F(
                    Atom(
                        "Integer",
                    ),
                ),
            ),
        ),
    ),
)
term: Value(
    Thunk(
        Omega,
        Abs(
            "x",
            None,
            Bind(
                App(
                    App(
                        Force(
                            Var(
                                "add",
                            ),
                        ),
                        Var(
                            "x",
                        ),
                    ),
                    Int(
                        1,
                    ),
                ),
                "%tmp0",
                Ret(
                    Var(
                        "%tmp0",
                    ),
                ),
            ),
        ),
    ),
)
=== item 1: Some("target") ===
ascription: Some(
    Value(
        Thunk(
            Omega,
            Arrow(
                Atom(
                    "Integer",
                ),
                F(
                    Atom(
                        "Integer",
                    ),
                ),
            ),
        ),
    ),
)
term: Value(
    Thunk(
        Omega,
        Abs(
            "y",
            None,
            Bind(
                App(
                    App(
                        Force(
                            Var(
                                "mul",
                            ),
                        ),
                        Var(
                            "y",
                        ),
                    ),
                    Var(
                        "y",
                    ),
                ),
                "%tmp1",
                Ret(
                    Var(
                        "%tmp1",
                    ),
                ),
            ),
        ),
    ),
)
=== item 2: Some("omega") ===
ascription: Some(
    Value(
        Thunk(
            Omega,
            Arrow(
                Atom(
                    "Integer",
                ),
                F(
                    Atom(
                        "Integer",
                    ),
                ),
            ),
        ),
    ),
)
term: Value(
    Thunk(
        Omega,
        Abs(
            "z",
            None,
            Bind(
                App(
                    App(
                        Force(
                            Var(
                                "sub",
                            ),
                        ),
                        Var(
                            "z",
                        ),
                    ),
                    Int(
                        1,
                    ),
                ),
                "%tmp2",
                Ret(
                    Var(
                        "%tmp2",
                    ),
                ),
            ),
        ),
    ),
)
=== origin ===
[0] => 0..52 #68aa1bb83d67aaa6 [DefFunctionSugar]
[0, 0] => 0..52 #68aa1bb83d67aaa6 [DefFunctionSugar]
[0, 0, 0] => 39..50 #140701e2399a47bb [BindHoist]
[0, 0, 0, 0] => 44..49 #23fc4d07766383e1 [OperatorElab]
[0, 0, 0, 0, 0] => 44..49 #23fc4d07766383e1 [OperatorElab]
[0, 0, 0, 0, 0, 0] => 46..47 #505307439843a12c [OperatorElab]
[0, 0, 0, 0, 0, 0, 0] => 46..47 #505307439843a12c [OperatorElab]
[0, 0, 0, 0, 0, 1] => 44..45 #1444ef8f8255de8a
[0, 0, 0, 0, 1] => 48..49 #46d5d57c294160b9
[0, 0, 0, 1] => 39..50 #140701e2399a47bb
[0, 0, 0, 1, 0] => 43..50 #8bbe20cb2638cfac [BindHoist]
[1] => 53..106 #751808773f224c1f [DefFunctionSugar]
[1, 0] => 53..106 #751808773f224c1f [DefFunctionSugar]
[1, 0, 0] => 93..104 #d9eb6965493225ee [BindHoist]
[1, 0, 0, 0] => 98..103 #3bd2229e4b0aea3d [OperatorElab]
[1, 0, 0, 0, 0] => 98..103 #3bd2229e4b0aea3d [OperatorElab]
[1, 0, 0, 0, 0, 0] => 100..101 #1c56df63e0f6c8b1 [OperatorElab]
[1, 0, 0, 0, 0, 0, 0] => 100..101 #1c56df63e0f6c8b1 [OperatorElab]
[1, 0, 0, 0, 0, 1] => 98..99 #1444f08f8255e03d
[1, 0, 0, 0, 1] => 102..103 #1444f08f8255e03d
[1, 0, 0, 1] => 93..104 #d9eb6965493225ee
[1, 0, 0, 1, 0] => 97..104 #b468db840c55f75f [BindHoist]
[2] => 107..159 #3ba6fb27b15511d4 [DefFunctionSugar]
[2, 0] => 107..159 #3ba6fb27b15511d4 [DefFunctionSugar]
[2, 0, 0] => 146..157 #1202d057701ae75d [BindHoist]
[2, 0, 0, 0] => 151..156 #dffde24a90c77b5b [OperatorElab]
[2, 0, 0, 0, 0] => 151..156 #dffde24a90c77b5b [OperatorElab]
[2, 0, 0, 0, 0, 0] => 153..154 #c38e9c3a73cac9e5 [OperatorElab]
[2, 0, 0, 0, 0, 0, 0] => 153..154 #c38e9c3a73cac9e5 [OperatorElab]
[2, 0, 0, 0, 0, 1] => 151..152 #1444ed8f8255db24
[2, 0, 0, 0, 1] => 155..156 #46d5d57c294160b9
[2, 0, 0, 1] => 146..157 #1202d057701ae75d
[2, 0, 0, 1, 0] => 150..157 #4900f6fb1537e6b1 [BindHoist]
