=== item 0: Some("alpha") ===
ascription: Some(
    Value(
        Thunk(
            Omega,
            Arrow(
                Atom(
                    "Integer",
                ),
                F(
                    Atom(
                        "Integer",
                    ),
                ),
            ),
        ),
    ),
)
term: Value(
    Thunk(
        Omega,
        Abs(
            "x",
            None,
            Bind(
                App(
                    App(
                        Force(
                            Var(
                                "add",
                            ),
                        ),
                        Var(
                            "x",
                        ),
                    ),
                    Int(
                        1,
                    ),
                ),
                "%tmp0",
                Ret(
                    Var(
                        "%tmp0",
                    ),
                ),
            ),
        ),
    ),
)
=== item 1: Some("target") ===
ascription: Some(
    Value(
        Thunk(
            Omega,
            Arrow(
                Atom(
                    "Integer",
                ),
                F(
                    Atom(
                        "Integer",
                    ),
                ),
            ),
        ),
    ),
)
term: Value(
    Thunk(
        Omega,
        Abs(
            "y",
            None,
            Bind(
                App(
                    App(
                        Force(
                            Var(
                                "mul",
                            ),
                        ),
                        Var(
                            "y",
                        ),
                    ),
                    Var(
                        "y",
                    ),
                ),
                "%tmp1",
                Ret(
                    Var(
                        "%tmp1",
                    ),
                ),
            ),
        ),
    ),
)
=== item 2: Some("omega") ===
ascription: Some(
    Value(
        Thunk(
            Omega,
            Arrow(
                Atom(
                    "Integer",
                ),
                F(
                    Atom(
                        "Integer",
                    ),
                ),
            ),
        ),
    ),
)
term: Value(
    Thunk(
        Omega,
        Abs(
            "z",
            None,
            Bind(
                App(
                    App(
                        Force(
                            Var(
                                "sub",
                            ),
                        ),
                        Var(
                            "z",
                        ),
                    ),
                    Int(
                        1,
                    ),
                ),
                "%tmp2",
                Ret(
                    Var(
                        "%tmp2",
                    ),
                ),
            ),
        ),
    ),
)
=== origin ===
[0] => 0..52 #fde3dea3528fe4b1 [DefFunctionSugar]
[0, 0] => 0..52 #fde3dea3528fe4b1 [DefFunctionSugar]
[0, 0, 0] => 39..50 #3ec52f812f37bfec [BindHoist]
[0, 0, 0, 0] => 44..49 #459a76071a9c2974 [OperatorElab]
[0, 0, 0, 0, 0] => 44..49 #459a76071a9c2974 [OperatorElab]
[0, 0, 0, 0, 0, 0] => 46..47 #6273bfca56443668 [OperatorElab]
[0, 0, 0, 0, 0, 0, 0] => 46..47 #6273bfca56443668 [OperatorElab]
[0, 0, 0, 0, 0, 1] => 44..45 #69b0d09892e27b0b
[0, 0, 0, 0, 1] => 48..49 #9c41d48539ce3034
[0, 0, 0, 1] => 39..50 #3ec52f812f37bfec
[0, 0, 0, 1, 0] => 43..50 #4666605f49e6de4d [BindHoist]
[1] => 53..106 #767ee4f2f5d9c7a4 [DefFunctionSugar]
[1, 0] => 53..106 #767ee4f2f5d9c7a4 [DefFunctionSugar]
[1, 0, 0] => 93..104 #16059d06989f9936 [BindHoist]
[1, 0, 0, 0] => 98..103 #5b66a16e66ff0387 [OperatorElab]
[1, 0, 0, 0, 0] => 98..103 #5b66a16e66ff0387 [OperatorElab]
[1, 0, 0, 0, 0, 0] => 100..101 #c9009e96b47c4135 [OperatorElab]
[1, 0, 0, 0, 0, 0, 0] => 100..101 #c9009e96b47c4135 [OperatorElab]
[1, 0, 0, 0, 0, 1] => 98..99 #69b0cf9892e27958
[1, 0, 0, 0, 1] => 102..103 #69b0cf9892e27958
[1, 0, 0, 1] => 93..104 #16059d06989f9936
[1, 0, 0, 1, 0] => 97..104 #e81df2ba0f36d43d [BindHoist]
[2] => 107..159 #ddccf6a7658e69b5 [DefFunctionSugar]
[2, 0] => 107..159 #ddccf6a7658e69b5 [DefFunctionSugar]
[2, 0, 0] => 146..157 #7c3df8638ee92b85 [BindHoist]
[2, 0, 0, 0] => 151..156 #981e81ec1569ab97 [OperatorElab]
[2, 0, 0, 0, 0] => 151..156 #981e81ec1569ab97 [OperatorElab]
[2, 0, 0, 0, 0, 0] => 153..154 #15cf348f2c88caf3 [OperatorElab]
[2, 0, 0, 0, 0, 0, 0] => 153..154 #15cf348f2c88caf3 [OperatorElab]
[2, 0, 0, 0, 0, 1] => 151..152 #69b0d29892e27e71
[2, 0, 0, 0, 1] => 155..156 #9c41d48539ce3034
[2, 0, 0, 1] => 146..157 #7c3df8638ee92b85
[2, 0, 0, 1, 0] => 150..157 #8294fb966fbea90d [BindHoist]
