=== item 0: Some("inserted") ===
ascription: Some(
    Value(
        Thunk(
            Omega,
            Arrow(
                Atom(
                    "Integer",
                ),
                F(
                    Atom(
                        "Integer",
                    ),
                ),
            ),
        ),
    ),
)
term: Value(
    Thunk(
        Omega,
        Abs(
            "n",
            None,
            Ret(
                Var(
                    "n",
                ),
            ),
        ),
    ),
)
=== item 1: Some("alpha") ===
ascription: Some(
    Value(
        Thunk(
            Omega,
            Arrow(
                Atom(
                    "Integer",
                ),
                F(
                    Atom(
                        "Integer",
                    ),
                ),
            ),
        ),
    ),
)
term: Value(
    Thunk(
        Omega,
        Abs(
            "x",
            None,
            Bind(
                App(
                    App(
                        Force(
                            Var(
                                "add",
                            ),
                        ),
                        Var(
                            "x",
                        ),
                    ),
                    Int(
                        2,
                    ),
                ),
                "%tmp0",
                Ret(
                    Var(
                        "%tmp0",
                    ),
                ),
            ),
        ),
    ),
)
=== item 2: Some("target") ===
ascription: Some(
    Value(
        Thunk(
            Omega,
            Arrow(
                Atom(
                    "Integer",
                ),
                F(
                    Atom(
                        "Integer",
                    ),
                ),
            ),
        ),
    ),
)
term: Value(
    Thunk(
        Omega,
        Abs(
            "y",
            None,
            Bind(
                App(
                    App(
                        Force(
                            Var(
                                "mul",
                            ),
                        ),
                        Var(
                            "y",
                        ),
                    ),
                    Var(
                        "y",
                    ),
                ),
                "%tmp1",
                Ret(
                    Var(
                        "%tmp1",
                    ),
                ),
            ),
        ),
    ),
)
=== item 3: Some("omega") ===
ascription: Some(
    Value(
        Thunk(
            Omega,
            Arrow(
                Atom(
                    "Integer",
                ),
                F(
                    Atom(
                        "Integer",
                    ),
                ),
            ),
        ),
    ),
)
term: Value(
    Thunk(
        Omega,
        Abs(
            "z",
            None,
            Bind(
                App(
                    App(
                        Force(
                            Var(
                                "sub",
                            ),
                        ),
                        Var(
                            "z",
                        ),
                    ),
                    Int(
                        1,
                    ),
                ),
                "%tmp2",
                Ret(
                    Var(
                        "%tmp2",
                    ),
                ),
            ),
        ),
    ),
)
=== origin ===
[0] => 0..49 #67613b03e6a26190 [DefFunctionSugar]
[0, 0] => 0..49 #67613b03e6a26190 [DefFunctionSugar]
[0, 0, 0] => 42..47 #30e5e1b87bfc53d4
[0, 0, 0, 0] => 46..47 #2349a56835703e47
[1] => 50..102 #234466ca74140942 [DefFunctionSugar]
[1, 0] => 50..102 #234466ca74140942 [DefFunctionSugar]
[1, 0, 0] => 89..100 #0f74dabeafa0ec3a [BindHoist]
[1, 0, 0, 0] => 94..99 #73490185c4e56909 [OperatorElab]
[1, 0, 0, 0, 0] => 94..99 #73490185c4e56909 [OperatorElab]
[1, 0, 0, 0, 0, 0] => 96..97 #cfc90fddbaa41ac4 [OperatorElab]
[1, 0, 0, 0, 0, 0, 0] => 96..97 #cfc90fddbaa41ac4 [OperatorElab]
[1, 0, 0, 0, 0, 1] => 94..95 #2349936835701fb1
[1, 0, 0, 0, 1] => 98..99 #55db1654dc5caca7
[1, 0, 0, 1] => 89..100 #0f74dabeafa0ec3a
[1, 0, 0, 1, 0] => 93..100 #418acd43731ea5ca [BindHoist]
[2] => 103..156 #a3a5d835cb36fb53 [DefFunctionSugar]
[2, 0] => 103..156 #a3a5d835cb36fb53 [DefFunctionSugar]
[2, 0, 0] => 143..154 #4bd5438d31258361 [BindHoist]
[2, 0, 0, 0] => 148..153 #b6b6c94adc1b4437 [OperatorElab]
[2, 0, 0, 0, 0] => 148..153 #b6b6c94adc1b4437 [OperatorElab]
[2, 0, 0, 0, 0, 0] => 150..151 #b66b0e88c004e1bd [OperatorElab]
[2, 0, 0, 0, 0, 0, 0] => 150..151 #b66b0e88c004e1bd [OperatorElab]
[2, 0, 0, 0, 0, 1] => 148..149 #2349926835701dfe
[2, 0, 0, 0, 1] => 152..153 #2349926835701dfe
[2, 0, 0, 1] => 143..154 #4bd5438d31258361
[2, 0, 0, 1, 0] => 147..154 #3b0043af555d0976 [BindHoist]
[3] => 157..209 #2c51ffb7eaa6da57 [DefFunctionSugar]
[3, 0] => 157..209 #2c51ffb7eaa6da57 [DefFunctionSugar]
[3, 0, 0] => 196..207 #2592e53c1da8c500 [BindHoist]
[3, 0, 0, 0] => 201..206 #710c80e9b1f0547f [OperatorElab]
[3, 0, 0, 0, 0] => 201..206 #710c80e9b1f0547f [OperatorElab]
[3, 0, 0, 0, 0, 0] => 203..204 #c344bc708ba6b0a9 [OperatorElab]
[3, 0, 0, 0, 0, 0, 0] => 203..204 #c344bc708ba6b0a9 [OperatorElab]
[3, 0, 0, 0, 0, 1] => 201..202 #2349916835701c4b
[3, 0, 0, 0, 1] => 205..206 #55db1754dc5cae5a
[3, 0, 0, 1] => 196..207 #2592e53c1da8c500
[3, 0, 0, 1, 0] => 200..207 #3dcaf1090b27ff81 [BindHoist]
