=== item 0: Some("alpha") ===
ascription: Some(
    Value(
        Thunk(
            Omega,
            Arrow(
                Atom(
                    "Integer",
                ),
                F(
                    Atom(
                        "Integer",
                    ),
                ),
            ),
        ),
    ),
)
term: Value(
    Thunk(
        Omega,
        Abs(
            "x",
            None,
            Bind(
                App(
                    App(
                        Force(
                            Var(
                                "add",
                            ),
                        ),
                        Var(
                            "x",
                        ),
                    ),
                    Int(
                        1,
                    ),
                ),
                "%tmp0",
                Ret(
                    Var(
                        "%tmp0",
                    ),
                ),
            ),
        ),
    ),
)
=== item 1: Some("target") ===
ascription: Some(
    Value(
        Thunk(
            Omega,
            Arrow(
                Atom(
                    "Integer",
                ),
                F(
                    Atom(
                        "Integer",
                    ),
                ),
            ),
        ),
    ),
)
term: Value(
    Thunk(
        Omega,
        Abs(
            "y",
            None,
            Bind(
                App(
                    App(
                        Force(
                            Var(
                                "mul",
                            ),
                        ),
                        Var(
                            "y",
                        ),
                    ),
                    Var(
                        "y",
                    ),
                ),
                "%tmp1",
                Ret(
                    Var(
                        "%tmp1",
                    ),
                ),
            ),
        ),
    ),
)
=== item 2: Some("omega") ===
ascription: Some(
    Value(
        Thunk(
            Omega,
            Arrow(
                Atom(
                    "Integer",
                ),
                F(
                    Atom(
                        "Integer",
                    ),
                ),
            ),
        ),
    ),
)
term: Value(
    Thunk(
        Omega,
        Abs(
            "z",
            None,
            Bind(
                App(
                    App(
                        Force(
                            Var(
                                "sub",
                            ),
                        ),
                        Var(
                            "z",
                        ),
                    ),
                    Int(
                        1,
                    ),
                ),
                "%tmp2",
                Ret(
                    Var(
                        "%tmp2",
                    ),
                ),
            ),
        ),
    ),
)
=== origin ===
[0] => 0..52 #a50f517e7c522b2c [DefFunctionSugar]
[0, 0] => 0..52 #a50f517e7c522b2c [DefFunctionSugar]
[0, 0, 0] => 39..50 #2d7f2323dc25ecaa [BindHoist]
[0, 0, 0, 0] => 44..49 #0e6e09e0b8244ac5 [OperatorElab]
[0, 0, 0, 0, 0] => 44..49 #0e6e09e0b8244ac5 [OperatorElab]
[0, 0, 0, 0, 0, 0] => 46..47 #1694c88f01a30204 [OperatorElab]
[0, 0, 0, 0, 0, 0, 0] => 46..47 #1694c88f01a30204 [OperatorElab]
[0, 0, 0, 0, 0, 1] => 44..45 #da8630daebb465e2
[0, 0, 0, 0, 1] => 48..49 #0d17a6c792a0dcc1
[0, 0, 0, 1] => 39..50 #2d7f2323dc25ecaa
[0, 0, 0, 1, 0] => 43..50 #3d7997f79f84b8fc [BindHoist]
[1] => 53..106 #7eeadcccc356bb87 [DefFunctionSugar]
[1, 0] => 53..106 #7eeadcccc356bb87 [DefFunctionSugar]
[1, 0, 0] => 93..104 #1d618548c0aa6281 [BindHoist]
[1, 0, 0, 0] => 98..103 #bd86a8e5859b02a7 [OperatorElab]
[1, 0, 0, 0, 0] => 98..103 #bd86a8e5859b02a7 [OperatorElab]
[1, 0, 0, 0, 0, 0] => 100..101 #e298c0af4a565fe9 [OperatorElab]
[1, 0, 0, 0, 0, 0, 0] => 100..101 #e298c0af4a565fe9 [OperatorElab]
[1, 0, 0, 0, 0, 1] => 98..99 #da8631daebb46795
[1, 0, 0, 0, 1] => 102..103 #da8631daebb46795
[1, 0, 0, 1] => 93..104 #1d618548c0aa6281
[1, 0, 0, 1, 0] => 97..104 #f1868ec0a6ba845d [BindHoist]
[2] => 107..159 #c04a08e818909bf4 [DefFunctionSugar]
[2, 0] => 107..159 #c04a08e818909bf4 [DefFunctionSugar]
[2, 0, 0] => 146..157 #ddd320a9a6be5589 [BindHoist]
[2, 0, 0, 0] => 151..156 #e946be893744a178 [OperatorElab]
[2, 0, 0, 0, 0] => 151..156 #e946be893744a178 [OperatorElab]
[2, 0, 0, 0, 0, 0] => 153..154 #89d05d85dd2a2abd [OperatorElab]
[2, 0, 0, 0, 0, 0, 0] => 153..154 #89d05d85dd2a2abd [OperatorElab]
[2, 0, 0, 0, 0, 1] => 151..152 #da862edaebb4627c
[2, 0, 0, 0, 1] => 155..156 #0d17a6c792a0dcc1
[2, 0, 0, 1] => 146..157 #ddd320a9a6be5589
[2, 0, 0, 1, 0] => 150..157 #3e6a044bb5f77ba4 [BindHoist]
