=== item 0: Some("inserted") ===
ascription: Some(
    Value(
        Thunk(
            Omega,
            Arrow(
                Atom(
                    "Integer",
                ),
                F(
                    Atom(
                        "Integer",
                    ),
                ),
            ),
        ),
    ),
)
term: Value(
    Thunk(
        Omega,
        Abs(
            "n",
            None,
            Ret(
                Var(
                    "n",
                ),
            ),
        ),
    ),
)
=== item 1: Some("alpha") ===
ascription: Some(
    Value(
        Thunk(
            Omega,
            Arrow(
                Atom(
                    "Integer",
                ),
                F(
                    Atom(
                        "Integer",
                    ),
                ),
            ),
        ),
    ),
)
term: Value(
    Thunk(
        Omega,
        Abs(
            "x",
            None,
            Bind(
                App(
                    App(
                        Force(
                            Var(
                                "add",
                            ),
                        ),
                        Var(
                            "x",
                        ),
                    ),
                    Int(
                        2,
                    ),
                ),
                "%tmp0",
                Ret(
                    Var(
                        "%tmp0",
                    ),
                ),
            ),
        ),
    ),
)
=== item 2: Some("target") ===
ascription: Some(
    Value(
        Thunk(
            Omega,
            Arrow(
                Atom(
                    "Integer",
                ),
                F(
                    Atom(
                        "Integer",
                    ),
                ),
            ),
        ),
    ),
)
term: Value(
    Thunk(
        Omega,
        Abs(
            "y",
            None,
            Bind(
                App(
                    App(
                        Force(
                            Var(
                                "mul",
                            ),
                        ),
                        Var(
                            "y",
                        ),
                    ),
                    Var(
                        "y",
                    ),
                ),
                "%tmp1",
                Ret(
                    Var(
                        "%tmp1",
                    ),
                ),
            ),
        ),
    ),
)
=== item 3: Some("omega") ===
ascription: Some(
    Value(
        Thunk(
            Omega,
            Arrow(
                Atom(
                    "Integer",
                ),
                F(
                    Atom(
                        "Integer",
                    ),
                ),
            ),
        ),
    ),
)
term: Value(
    Thunk(
        Omega,
        Abs(
            "z",
            None,
            Bind(
                App(
                    App(
                        Force(
                            Var(
                                "sub",
                            ),
                        ),
                        Var(
                            "z",
                        ),
                    ),
                    Int(
                        1,
                    ),
                ),
                "%tmp2",
                Ret(
                    Var(
                        "%tmp2",
                    ),
                ),
            ),
        ),
    ),
)
=== origin ===
[0] => 0..49 #2dbc7e46527db98e [DefFunctionSugar]
[0, 0] => 0..49 #2dbc7e46527db98e [DefFunctionSugar]
[0, 0, 0] => 42..47 #2a4e2ef7fc2c8f23
[0, 0, 0, 0] => 46..47 #9a508a57ed8fdcd7
[1] => 50..102 #811fb31b71985e76 [DefFunctionSugar]
[1, 0] => 50..102 #811fb31b71985e76 [DefFunctionSugar]
[1, 0, 0] => 89..100 #2f59fb91e9a53def [BindHoist]
[1, 0, 0, 0] => 94..99 #111dabde7fdb2de3 [OperatorElab]
[1, 0, 0, 0, 0] => 94..99 #111dabde7fdb2de3 [OperatorElab]
[1, 0, 0, 0, 0, 0] => 96..97 #076b2da7b6b3eda2 [OperatorElab]
[1, 0, 0, 0, 0, 0, 0] => 96..97 #076b2da7b6b3eda2 [OperatorElab]
[1, 0, 0, 0, 0, 1] => 94..95 #9a509857ed8ff4a1
[1, 0, 0, 0, 1] => 98..99 #cce11b44947ace97
[1, 0, 0, 1] => 89..100 #2f59fb91e9a53def
[1, 0, 0, 1, 0] => 93..100 #1460b50ff93db4ea [BindHoist]
[2] => 103..156 #bbd4bd0ec7a62b74 [DefFunctionSugar]
[2, 0] => 103..156 #bbd4bd0ec7a62b74 [DefFunctionSugar]
[2, 0, 0] => 143..154 #074625ff2651bba7 [BindHoist]
[2, 0, 0, 0] => 148..153 #17dec98a8296c6fc [OperatorElab]
[2, 0, 0, 0, 0] => 148..153 #17dec98a8296c6fc [OperatorElab]
[2, 0, 0, 0, 0, 0] => 150..151 #d399dd854db98fc7 [OperatorElab]
[2, 0, 0, 0, 0, 0, 0] => 150..151 #d399dd854db98fc7 [OperatorElab]
[2, 0, 0, 0, 0, 1] => 148..149 #9a509757ed8ff2ee
[2, 0, 0, 0, 1] => 152..153 #9a509757ed8ff2ee
[2, 0, 0, 1] => 143..154 #074625ff2651bba7
[2, 0, 0, 1, 0] => 147..154 #e8f24adc9cefea75 [BindHoist]
[3] => 157..209 #c70eca0a76f7908b [DefFunctionSugar]
[3, 0] => 157..209 #c70eca0a76f7908b [DefFunctionSugar]
[3, 0, 0] => 196..207 #56f2a1054dfb7209 [BindHoist]
[3, 0, 0, 0] => 201..206 #6ad694b335c44e8a [OperatorElab]
[3, 0, 0, 0, 0] => 201..206 #6ad694b335c44e8a [OperatorElab]
[3, 0, 0, 0, 0, 0] => 203..204 #203e47c07774c329 [OperatorElab]
[3, 0, 0, 0, 0, 0, 0] => 203..204 #203e47c07774c329 [OperatorElab]
[3, 0, 0, 0, 0, 1] => 201..202 #9a509657ed8ff13b
[3, 0, 0, 0, 1] => 205..206 #cce11c44947ad04a
[3, 0, 0, 1] => 196..207 #56f2a1054dfb7209
[3, 0, 0, 1, 0] => 200..207 #53de76ac3e6b95e9 [BindHoist]
