=== item 0: Some("inserted") ===
ascription: Some(
    Value(
        Thunk(
            Omega,
            Arrow(
                Atom(
                    "Integer",
                ),
                F(
                    Atom(
                        "Integer",
                    ),
                ),
            ),
        ),
    ),
)
term: Value(
    Thunk(
        Omega,
        Abs(
            "n",
            None,
            Ret(
                Var(
                    "n",
                ),
            ),
        ),
    ),
)
=== item 1: Some("alpha") ===
ascription: Some(
    Value(
        Thunk(
            Omega,
            Arrow(
                Atom(
                    "Integer",
                ),
                F(
                    Atom(
                        "Integer",
                    ),
                ),
            ),
        ),
    ),
)
term: Value(
    Thunk(
        Omega,
        Abs(
            "x",
            None,
            Bind(
                App(
                    App(
                        Force(
                            Var(
                                "add",
                            ),
                        ),
                        Var(
                            "x",
                        ),
                    ),
                    Int(
                        2,
                    ),
                ),
                "%tmp0",
                Ret(
                    Var(
                        "%tmp0",
                    ),
                ),
            ),
        ),
    ),
)
=== item 2: Some("target") ===
ascription: Some(
    Value(
        Thunk(
            Omega,
            Arrow(
                Atom(
                    "Integer",
                ),
                F(
                    Atom(
                        "Integer",
                    ),
                ),
            ),
        ),
    ),
)
term: Value(
    Thunk(
        Omega,
        Abs(
            "y",
            None,
            Bind(
                App(
                    App(
                        Force(
                            Var(
                                "mul",
                            ),
                        ),
                        Var(
                            "y",
                        ),
                    ),
                    Var(
                        "y",
                    ),
                ),
                "%tmp1",
                Ret(
                    Var(
                        "%tmp1",
                    ),
                ),
            ),
        ),
    ),
)
=== item 3: Some("omega") ===
ascription: Some(
    Value(
        Thunk(
            Omega,
            Arrow(
                Atom(
                    "Integer",
                ),
                F(
                    Atom(
                        "Integer",
                    ),
                ),
            ),
        ),
    ),
)
term: Value(
    Thunk(
        Omega,
        Abs(
            "z",
            None,
            Bind(
                App(
                    App(
                        Force(
                            Var(
                                "sub",
                            ),
                        ),
                        Var(
                            "z",
                        ),
                    ),
                    Int(
                        1,
                    ),
                ),
                "%tmp2",
                Ret(
                    Var(
                        "%tmp2",
                    ),
                ),
            ),
        ),
    ),
)
=== origin ===
[0] => 0..49 #2195a6d87f21bcd6 [DefFunctionSugar]
[0, 0] => 0..49 #2195a6d87f21bcd6 [DefFunctionSugar]
[0, 0, 0] => 42..47 #e2bf3a94177d17db
[0, 0, 0, 0] => 46..47 #ac875f93aef8216e
[1] => 50..102 #dbd2ffcb07ded5c0 [DefFunctionSugar]
[1, 0] => 50..102 #dbd2ffcb07ded5c0 [DefFunctionSugar]
[1, 0, 0] => 89..100 #97fda28efb406050 [BindHoist]
[1, 0, 0, 0] => 94..99 #a134973c0139def3 [OperatorElab]
[1, 0, 0, 0, 0] => 94..99 #a134973c0139def3 [OperatorElab]
[1, 0, 0, 0, 0, 0] => 96..97 #fcfc96766bc8c820 [OperatorElab]
[1, 0, 0, 0, 0, 0, 0] => 96..97 #fcfc96766bc8c820 [OperatorElab]
[1, 0, 0, 0, 0, 1] => 94..95 #ac875193aef809a4
[1, 0, 0, 0, 1] => 98..99 #df6d57faf2878e16
[1, 0, 0, 1] => 89..100 #97fda28efb406050
[1, 0, 0, 1, 0] => 93..100 #9a9848a0caa97090 [BindHoist]
[2] => 103..156 #5e9044eb1634cc48 [DefFunctionSugar]
[2, 0] => 103..156 #5e9044eb1634cc48 [DefFunctionSugar]
[2, 0, 0] => 143..154 #fb2165c67f418aee [BindHoist]
[2, 0, 0, 0] => 148..153 #4deb24129c183a66 [OperatorElab]
[2, 0, 0, 0, 0] => 148..153 #4deb24129c183a66 [OperatorElab]
[2, 0, 0, 0, 0, 0] => 150..151 #63899542ca01094d [OperatorElab]
[2, 0, 0, 0, 0, 0, 0] => 150..151 #63899542ca01094d [OperatorElab]
[2, 0, 0, 0, 0, 1] => 148..149 #ac875293aef80b57
[2, 0, 0, 0, 1] => 152..153 #ac875293aef80b57
[2, 0, 0, 1] => 143..154 #fb2165c67f418aee
[2, 0, 0, 1, 0] => 147..154 #d4f5208d014f80f7 [BindHoist]
[3] => 157..209 #d8e277f3dcb4f08e [DefFunctionSugar]
[3, 0] => 157..209 #d8e277f3dcb4f08e [DefFunctionSugar]
[3, 0, 0] => 196..207 #ab64b7b9c67ee4d1 [BindHoist]
[3, 0, 0, 0] => 201..206 #8464ce1f507a0c39 [OperatorElab]
[3, 0, 0, 0, 0] => 201..206 #8464ce1f507a0c39 [OperatorElab]
[3, 0, 0, 0, 0, 0] => 203..204 #b0582b3b420d930b [OperatorElab]
[3, 0, 0, 0, 0, 0, 0] => 203..204 #b0582b3b420d930b [OperatorElab]
[3, 0, 0, 0, 0, 1] => 201..202 #ac875393aef80d0a
[3, 0, 0, 0, 1] => 205..206 #df6d56faf2878c63
[3, 0, 0, 1] => 196..207 #ab64b7b9c67ee4d1
[3, 0, 0, 1, 0] => 200..207 #6b1d93c300f21d6b [BindHoist]
