{
  "schema_version": 5,
  "diagnostics": [
    {
      "kind": "StuckExpr",
      "data": {
        "hint": "an abstraction only checks against an arrow type"
      },
      "item": 0,
      "code": "E0003",
      "severity": "error",
      "message": {
        "message_template": "StuckExpression",
        "message_arguments": {
          "expression": "Comp(Abs(\"x\", None, Ret(Var(\"x\"))))",
          "hint": "an abstraction only checks against an arrow type"
        }
      },
      "annotations": [
        {
          "kind": "primary",
          "span": {
            "start": 42,
            "end": 57
          },
          "label": "an abstraction only checks against an arrow type"
        }
      ],
      "expr": "Abs(\"x\", None, Ret(Var(\"x\")))",
      "contexts": [
        {
          "role": "Thunk",
          "prose": "checking the body of a thunk",
          "annotations": [
            {
              "kind": "context",
              "span": {
                "start": 34,
                "end": 59
              }
            }
          ]
        }
      ],
      "ctx": []
    }
  ],
  "goals": [],
  "marks": [
    {
      "kind": "Stuck",
      "data": {
        "hint": "an abstraction only checks against an arrow type"
      },
      "is_error": true,
      "item": 0,
      "span": {
        "start": 42,
        "end": 57
      },
      "analyzed": "Comp(F(Atom(\"Integer\")))",
      "synthesized": "Comp(Unknown)"
    }
  ],
  "attributes": [],
  "obligations": []
}