{
  "schema_version": 5,
  "diagnostics": [
    {
      "kind": "StuckExpr",
      "data": {
        "hint": "annotate the binder or check against an arrow type"
      },
      "item": 0,
      "code": "E0003",
      "severity": "error",
      "message": {
        "message_template": "StuckExpression",
        "message_arguments": {
          "expression": "Comp(Abs(\"x\", None, Ret(Var(\"x\"))))",
          "hint": "annotate the binder or check against an arrow type"
        }
      },
      "annotations": [
        {
          "kind": "primary",
          "span": {
            "start": 0,
            "end": 15
          },
          "label": "annotate the binder or check against an arrow type"
        }
      ],
      "expr": "Abs(\"x\", None, Ret(Var(\"x\")))",
      "contexts": [],
      "ctx": []
    }
  ],
  "goals": [],
  "marks": [
    {
      "kind": "Stuck",
      "data": {
        "hint": "annotate the binder or check against an arrow type"
      },
      "is_error": true,
      "item": 0,
      "span": {
        "start": 0,
        "end": 15
      },
      "synthesized": "Comp(Unknown)"
    }
  ],
  "attributes": [],
  "obligations": []
}