{
  "schema_version": 5,
  "diagnostics": [
    {
      "kind": "StuckExpr",
      "data": {
        "hint": "case only checks; annotate or supply an expected type"
      },
      "item": 0,
      "code": "E0003",
      "severity": "error",
      "message": {
        "message_template": "StuckExpression",
        "message_arguments": {
          "expression": "Comp(Case(Annot(Inj(Fst, Int(1)), Sum(Atom(\"Integer\"), Atom(\"Integer\"))), (\"x\", Ret(Var(\"x\"))), (\"y\", Ret(Int(0)))))",
          "hint": "case only checks; annotate or supply an expected type"
        }
      },
      "annotations": [
        {
          "kind": "primary",
          "span": {
            "start": 0,
            "end": 70
          },
          "label": "case only checks; annotate or supply an expected type"
        }
      ],
      "expr": "Case(Annot(Inj(Fst, Int(1)), Sum(Atom(\"Integer\"), Atom(\"Integer\"))), (\"x\", Ret(Var(\"x\"))), (\"y\", Ret(Int(0))))",
      "contexts": [],
      "ctx": []
    }
  ],
  "goals": [],
  "marks": [
    {
      "kind": "Stuck",
      "data": {
        "hint": "case only checks; annotate or supply an expected type"
      },
      "is_error": true,
      "item": 0,
      "span": {
        "start": 0,
        "end": 70
      },
      "synthesized": "Comp(Unknown)"
    }
  ],
  "attributes": [],
  "obligations": []
}