{
  "schema_version": 4,
  "diagnostics": [
    {
      "kind": "StuckExpr",
      "data": {
        "hint": "annotate this injection"
      },
      "item": 0,
      "code": "E0003",
      "severity": "error",
      "message": {
        "message_template": "StuckExpression",
        "message_arguments": {
          "expression": "Value(Inj(Fst, Int(1)))",
          "hint": "annotate this injection"
        }
      },
      "span": {
        "start": 0,
        "end": 6
      },
      "expr": "Inj(Fst, Int(1))",
      "context_chain": [],
      "ctx": []
    }
  ],
  "goals": [],
  "marks": [
    {
      "kind": "Stuck",
      "data": {
        "hint": "annotate this injection"
      },
      "is_error": true,
      "item": 0,
      "span": {
        "start": 0,
        "end": 6
      },
      "synthesized": "Value(Unknown)"
    }
  ],
  "attributes": [],
  "obligations": []
}