{
  "schema_version": 5,
  "diagnostics": [
    {
      "kind": "TypeMismatch",
      "data": {
        "expected": "Value(Unit)",
        "actual": "Value(Atom(\"Integer\"))"
      },
      "item": 0,
      "code": "E0001",
      "severity": "error",
      "message": {
        "message_template": "TypeMismatch",
        "message_arguments": {
          "expected": "Value(Unit)",
          "actual": "Value(Atom(\"Integer\"))"
        }
      },
      "annotations": [
        {
          "kind": "primary",
          "span": {
            "start": 22,
            "end": 23
          },
          "label": "expected Value(Unit), found Value(Atom(\"Integer\"))"
        }
      ],
      "expr": "Int(1)",
      "contexts": [],
      "ctx": []
    }
  ],
  "goals": [],
  "marks": [
    {
      "kind": "TypeMismatch",
      "data": {
        "expected": "Value(Unit)",
        "actual": "Value(Atom(\"Integer\"))"
      },
      "is_error": true,
      "item": 0,
      "span": {
        "start": 22,
        "end": 23
      },
      "analyzed": "Value(Unit)",
      "synthesized": "Value(Unit)"
    }
  ],
  "attributes": [],
  "obligations": []
}