{
  "schema_version": 5,
  "diagnostics": [
    {
      "kind": "UnboundVariable",
      "data": {
        "name": "nonesuch"
      },
      "item": 0,
      "code": "E0004",
      "severity": "error",
      "message": {
        "message_template": "UnboundVariable",
        "message_arguments": {
          "name": "nonesuch"
        }
      },
      "annotations": [
        {
          "kind": "primary",
          "span": {
            "start": 0,
            "end": 8
          },
          "label": "not found in this scope"
        }
      ],
      "expr": "Var(\"nonesuch\")",
      "contexts": [],
      "ctx": []
    }
  ],
  "goals": [],
  "marks": [
    {
      "kind": "FreeVariable",
      "data": {
        "name": "nonesuch"
      },
      "is_error": true,
      "item": 0,
      "span": {
        "start": 0,
        "end": 8
      },
      "synthesized": "Value(Unknown)"
    }
  ],
  "attributes": [],
  "obligations": []
}