; gandr differential L-outcome snapshot (B1 exit gate): pure_spine
; cases: 26
Ret(Int(42))
Ret(Pair(Int(1), Str("s")))
Ret(Inj(Fst, Unit))
Ret(List([Int(1), Int(2), Int(3)]))
Ret(Record([("a", Int(7))]))
Ret(Int(3))
Ret(Int(5))
Ret(Pair(Int(9), Int(9)))
Ret(Int(11))
Ret(Int(1))
Ret(Int(1))
Ret(Int(2))
Ret(Int(2))
Ret(Int(0))
Ret(Int(1))
Ret(Int(8))
Ret(Int(1))
Ret(Int(2))
Ret(Pair(Int(4), Int(4)))
Ret(Unit)
Blame(Hole)
Ret(Hole(0))
Blame(Hole)
Stuck(AppliedNonFunction)
Stuck(ForcedNonThunk)
Stuck(CasedNonSum)
